error: please make sure every panic in your function has a message
  --> tests/fails/create_person_with_empty_panic.rs:12:5
   |
12 |     panic!();
   |     ^^^^^
