error: bucket needs a name
 --> tests/fails/no_bucket_name.rs:5:7
  |
5 |       bucket
  |       ^^^^^^
